main.cpp:79:1:Eeprom_24lcxxx::Eeprom_24lcxxx(I2C_HandleTypeDef*, uint8_t, Address_size_t)	24	static
main.cpp:93:6:void Eeprom_24lcxxx::Read(uint16_t, uint8_t*, uint16_t)	48	static
main.cpp:105:6:void Eeprom_24lcxxx::Write(uint16_t, uint8_t*, uint16_t)	48	static
main.cpp:138:5:int main()	8	static
main.cpp:189:6:void SystemClock_Config()	72	static
main.cpp:228:13:void MX_I2C1_Init()	8	static
main.cpp:262:13:void MX_GPIO_Init()	40	static
main.cpp:292:6:void Error_Handler()	4	static,ignoring_inline_asm
main.cpp:301:1:void __static_initialization_and_destruction_0(int, int)	16	static
main.cpp:301:1:cpp)	8	static
